Traceback (most recent call last):
  File "C:\Parser\parser-abit\bot.py", line 23, in <module>
    from telegram import InlineKeyboardButton, InlineKeyboardMarkup, Update
ModuleNotFoundError: No module named 'telegram'
Traceback (most recent call last):
  File "C:\Parser\parser-abit\bot.py", line 23, in <module>
    from telegram import InlineKeyboardButton, InlineKeyboardMarkup, Update
ModuleNotFoundError: No module named 'telegram'
Traceback (most recent call last):
  File "C:\Parser\parser-abit\bot.py", line 23, in <module>
    from telegram import InlineKeyboardButton, InlineKeyboardMarkup, Update
ModuleNotFoundError: No module named 'telegram'
Traceback (most recent call last):
  File "C:\Parser\parser-abit\bot.py", line 23, in <module>
    from telegram import InlineKeyboardButton, InlineKeyboardMarkup, Update
ModuleNotFoundError: No module named 'telegram'
Traceback (most recent call last):
  File "C:\Parser\parser-abit\bot.py", line 23, in <module>
    from telegram import InlineKeyboardButton, InlineKeyboardMarkup, Update
ModuleNotFoundError: No module named 'telegram'
Traceback (most recent call last):
  File "C:\Parser\parser-abit\bot.py", line 23, in <module>
    from telegram import InlineKeyboardButton, InlineKeyboardMarkup, Update
ModuleNotFoundError: No module named 'telegram'
Traceback (most recent call last):
  File "C:\Parser\parser-abit\bot.py", line 23, in <module>
    from telegram import InlineKeyboardButton, InlineKeyboardMarkup, Update
ModuleNotFoundError: No module named 'telegram'
Traceback (most recent call last):
  File "C:\Parser\parser-abit\bot.py", line 23, in <module>
    from telegram import InlineKeyboardButton, InlineKeyboardMarkup, Update
ModuleNotFoundError: No module named 'telegram'
Traceback (most recent call last):
  File "C:\Parser\parser-abit\bot.py", line 23, in <module>
    from telegram import BotCommand, InlineKeyboardButton, InlineKeyboardMarkup, Update
ModuleNotFoundError: No module named 'telegram'
Traceback (most recent call last):
  File "C:\Parser\parser-abit\bot.py", line 23, in <module>
    from telegram import BotCommand, InlineKeyboardButton, InlineKeyboardMarkup, Update
ModuleNotFoundError: No module named 'telegram'
Traceback (most recent call last):
  File "C:\Parser\parser-abit\bot.py", line 23, in <module>
    from telegram import BotCommand, InlineKeyboardButton, InlineKeyboardMarkup, Update
ModuleNotFoundError: No module named 'telegram'
Traceback (most recent call last):
  File "C:\Parser\parser-abit\bot.py", line 23, in <module>
    from telegram import BotCommand, InlineKeyboardButton, InlineKeyboardMarkup, Update
ModuleNotFoundError: No module named 'telegram'
C:\Parser\parser-abit\bot.py:517: PTBUserWarning: If 'per_message=False', 'CallbackQueryHandler' will not be tracked for every message. Read this FAQ entry to learn more about the per_* settings: https://github.com/python-telegram-bot/python-telegram-bot/wiki/Frequently-Asked-Questions#what-do-the-per_-settings-in-conversationhandler-do.
  conv_handler = ConversationHandler(
2026-07-24 06:22:40,632 - __main__ - INFO - \u0411\u043e\u0442 \u0437\u0430\u043f\u0443\u0441\u043a\u0430\u0454\u0442\u044c\u0441\u044f (long-polling)...
2026-07-24 06:22:40,900 - telegram.ext.Application - INFO - Application started
2026-07-24 06:27:10,214 - telegram.ext.Application - INFO - Application is stopping. This might take a moment.
2026-07-24 06:27:10,214 - telegram.ext.Application - INFO - Application.stop() complete
C:\Parser\parser-abit\bot.py:520: PTBUserWarning: If 'per_message=False', 'CallbackQueryHandler' will not be tracked for every message. Read this FAQ entry to learn more about the per_* settings: https://github.com/python-telegram-bot/python-telegram-bot/wiki/Frequently-Asked-Questions#what-do-the-per_-settings-in-conversationhandler-do.
  conv_handler = ConversationHandler(
2026-07-24 06:27:12,000 - __main__ - INFO - \u0411\u043e\u0442 \u0437\u0430\u043f\u0443\u0441\u043a\u0430\u0454\u0442\u044c\u0441\u044f (long-polling)...
2026-07-24 06:27:12,333 - telegram.ext.Application - INFO - Application started
2026-07-24 06:46:22,372 - __main__ - ERROR - \u041d\u0435\u043e\u0431\u0440\u043e\u0431\u043b\u0435\u043d\u0430 \u043f\u043e\u043c\u0438\u043b\u043a\u0430
Traceback (most recent call last):
  File "C:\Users\Trener\miniconda3\Lib\site-packages\telegram\ext\_utils\networkloop.py", line 161, in network_retry_loop
    await do_action()
  File "C:\Users\Trener\miniconda3\Lib\site-packages\telegram\ext\_utils\networkloop.py", line 154, in do_action
    action_cb_task.result()
    ~~~~~~~~~~~~~~~~~~~~~^^
  File "C:\Users\Trener\miniconda3\Lib\site-packages\telegram\ext\_updater.py", line 340, in polling_action_cb
    updates = await self.bot.get_updates(
              ^^^^^^^^^^^^^^^^^^^^^^^^^^^
    ...<3 lines>...
    )
    ^
  File "C:\Users\Trener\miniconda3\Lib\site-packages\telegram\ext\_extbot.py", line 680, in get_updates
    updates = await super().get_updates(
              ^^^^^^^^^^^^^^^^^^^^^^^^^^
    ...<9 lines>...
    )
    ^
  File "C:\Users\Trener\miniconda3\Lib\site-packages\telegram\_bot.py", line 4767, in get_updates
    await self._post(
    ^^^^^^^^^^^^^^^^^
    ...<7 lines>...
    ),
    ^
  File "C:\Users\Trener\miniconda3\Lib\site-packages\telegram\_bot.py", line 712, in _post
    return await self._do_post(
           ^^^^^^^^^^^^^^^^^^^^
    ...<6 lines>...
    )
    ^
  File "C:\Users\Trener\miniconda3\Lib\site-packages\telegram\ext\_extbot.py", line 378, in _do_post
    return await super()._do_post(
           ^^^^^^^^^^^^^^^^^^^^^^^
    ...<6 lines>...
    )
    ^
  File "C:\Users\Trener\miniconda3\Lib\site-packages\telegram\_bot.py", line 741, in _do_post
    result = await request.post(
             ^^^^^^^^^^^^^^^^^^^
    ...<6 lines>...
    )
    ^
  File "C:\Users\Trener\miniconda3\Lib\site-packages\telegram\request\_baserequest.py", line 198, in post
    result = await self._request_wrapper(
             ^^^^^^^^^^^^^^^^^^^^^^^^^^^^
    ...<7 lines>...
    )
    ^
  File "C:\Users\Trener\miniconda3\Lib\site-packages\telegram\request\_baserequest.py", line 375, in _request_wrapper
    raise exception
telegram.error.Conflict: Conflict: terminated by other getUpdates request; make sure that only one bot instance is running
2026-07-24 06:46:27,488 - __main__ - ERROR - \u041d\u0435\u043e\u0431\u0440\u043e\u0431\u043b\u0435\u043d\u0430 \u043f\u043e\u043c\u0438\u043b\u043a\u0430
Traceback (most recent call last):
  File "C:\Users\Trener\miniconda3\Lib\site-packages\telegram\ext\_utils\networkloop.py", line 161, in network_retry_loop
    await do_action()
  File "C:\Users\Trener\miniconda3\Lib\site-packages\telegram\ext\_utils\networkloop.py", line 154, in do_action
    action_cb_task.result()
    ~~~~~~~~~~~~~~~~~~~~~^^
  File "C:\Users\Trener\miniconda3\Lib\site-packages\telegram\ext\_updater.py", line 340, in polling_action_cb
    updates = await self.bot.get_updates(
              ^^^^^^^^^^^^^^^^^^^^^^^^^^^
    ...<3 lines>...
    )
    ^
  File "C:\Users\Trener\miniconda3\Lib\site-packages\telegram\ext\_extbot.py", line 680, in get_updates
    updates = await super().get_updates(
              ^^^^^^^^^^^^^^^^^^^^^^^^^^
    ...<9 lines>...
    )
    ^
  File "C:\Users\Trener\miniconda3\Lib\site-packages\telegram\_bot.py", line 4767, in get_updates
    await self._post(
    ^^^^^^^^^^^^^^^^^
    ...<7 lines>...
    ),
    ^
  File "C:\Users\Trener\miniconda3\Lib\site-packages\telegram\_bot.py", line 712, in _post
    return await self._do_post(
           ^^^^^^^^^^^^^^^^^^^^
    ...<6 lines>...
    )
    ^
  File "C:\Users\Trener\miniconda3\Lib\site-packages\telegram\ext\_extbot.py", line 378, in _do_post
    return await super()._do_post(
           ^^^^^^^^^^^^^^^^^^^^^^^
    ...<6 lines>...
    )
    ^
  File "C:\Users\Trener\miniconda3\Lib\site-packages\telegram\_bot.py", line 741, in _do_post
    result = await request.post(
             ^^^^^^^^^^^^^^^^^^^
    ...<6 lines>...
    )
    ^
  File "C:\Users\Trener\miniconda3\Lib\site-packages\telegram\request\_baserequest.py", line 198, in post
    result = await self._request_wrapper(
             ^^^^^^^^^^^^^^^^^^^^^^^^^^^^
    ...<7 lines>...
    )
    ^
  File "C:\Users\Trener\miniconda3\Lib\site-packages\telegram\request\_baserequest.py", line 375, in _request_wrapper
    raise exception
telegram.error.Conflict: Conflict: terminated by other getUpdates request; make sure that only one bot instance is running
2026-07-24 06:46:33,617 - __main__ - ERROR - \u041d\u0435\u043e\u0431\u0440\u043e\u0431\u043b\u0435\u043d\u0430 \u043f\u043e\u043c\u0438\u043b\u043a\u0430
Traceback (most recent call last):
  File "C:\Users\Trener\miniconda3\Lib\site-packages\telegram\ext\_utils\networkloop.py", line 161, in network_retry_loop
    await do_action()
  File "C:\Users\Trener\miniconda3\Lib\site-packages\telegram\ext\_utils\networkloop.py", line 154, in do_action
    action_cb_task.result()
    ~~~~~~~~~~~~~~~~~~~~~^^
  File "C:\Users\Trener\miniconda3\Lib\site-packages\telegram\ext\_updater.py", line 340, in polling_action_cb
    updates = await self.bot.get_updates(
              ^^^^^^^^^^^^^^^^^^^^^^^^^^^
    ...<3 lines>...
    )
    ^
  File "C:\Users\Trener\miniconda3\Lib\site-packages\telegram\ext\_extbot.py", line 680, in get_updates
    updates = await super().get_updates(
              ^^^^^^^^^^^^^^^^^^^^^^^^^^
    ...<9 lines>...
    )
    ^
  File "C:\Users\Trener\miniconda3\Lib\site-packages\telegram\_bot.py", line 4767, in get_updates
    await self._post(
    ^^^^^^^^^^^^^^^^^
    ...<7 lines>...
    ),
    ^
  File "C:\Users\Trener\miniconda3\Lib\site-packages\telegram\_bot.py", line 712, in _post
    return await self._do_post(
           ^^^^^^^^^^^^^^^^^^^^
    ...<6 lines>...
    )
    ^
  File "C:\Users\Trener\miniconda3\Lib\site-packages\telegram\ext\_extbot.py", line 378, in _do_post
    return await super()._do_post(
           ^^^^^^^^^^^^^^^^^^^^^^^
    ...<6 lines>...
    )
    ^
  File "C:\Users\Trener\miniconda3\Lib\site-packages\telegram\_bot.py", line 741, in _do_post
    result = await request.post(
             ^^^^^^^^^^^^^^^^^^^
    ...<6 lines>...
    )
    ^
  File "C:\Users\Trener\miniconda3\Lib\site-packages\telegram\request\_baserequest.py", line 198, in post
    result = await self._request_wrapper(
             ^^^^^^^^^^^^^^^^^^^^^^^^^^^^
    ...<7 lines>...
    )
    ^
  File "C:\Users\Trener\miniconda3\Lib\site-packages\telegram\request\_baserequest.py", line 375, in _request_wrapper
    raise exception
telegram.error.Conflict: Conflict: terminated by other getUpdates request; make sure that only one bot instance is running
2026-07-24 06:46:41,240 - __main__ - ERROR - \u041d\u0435\u043e\u0431\u0440\u043e\u0431\u043b\u0435\u043d\u0430 \u043f\u043e\u043c\u0438\u043b\u043a\u0430
Traceback (most recent call last):
  File "C:\Users\Trener\miniconda3\Lib\site-packages\telegram\ext\_utils\networkloop.py", line 161, in network_retry_loop
    await do_action()
  File "C:\Users\Trener\miniconda3\Lib\site-packages\telegram\ext\_utils\networkloop.py", line 154, in do_action
    action_cb_task.result()
    ~~~~~~~~~~~~~~~~~~~~~^^
  File "C:\Users\Trener\miniconda3\Lib\site-packages\telegram\ext\_updater.py", line 340, in polling_action_cb
    updates = await self.bot.get_updates(
              ^^^^^^^^^^^^^^^^^^^^^^^^^^^
    ...<3 lines>...
    )
    ^
  File "C:\Users\Trener\miniconda3\Lib\site-packages\telegram\ext\_extbot.py", line 680, in get_updates
    updates = await super().get_updates(
              ^^^^^^^^^^^^^^^^^^^^^^^^^^
    ...<9 lines>...
    )
    ^
  File "C:\Users\Trener\miniconda3\Lib\site-packages\telegram\_bot.py", line 4767, in get_updates
    await self._post(
    ^^^^^^^^^^^^^^^^^
    ...<7 lines>...
    ),
    ^
  File "C:\Users\Trener\miniconda3\Lib\site-packages\telegram\_bot.py", line 712, in _post
    return await self._do_post(
           ^^^^^^^^^^^^^^^^^^^^
    ...<6 lines>...
    )
    ^
  File "C:\Users\Trener\miniconda3\Lib\site-packages\telegram\ext\_extbot.py", line 378, in _do_post
    return await super()._do_post(
           ^^^^^^^^^^^^^^^^^^^^^^^
    ...<6 lines>...
    )
    ^
  File "C:\Users\Trener\miniconda3\Lib\site-packages\telegram\_bot.py", line 741, in _do_post
    result = await request.post(
             ^^^^^^^^^^^^^^^^^^^
    ...<6 lines>...
    )
    ^
  File "C:\Users\Trener\miniconda3\Lib\site-packages\telegram\request\_baserequest.py", line 198, in post
    result = await self._request_wrapper(
             ^^^^^^^^^^^^^^^^^^^^^^^^^^^^
    ...<7 lines>...
    )
    ^
  File "C:\Users\Trener\miniconda3\Lib\site-packages\telegram\request\_baserequest.py", line 375, in _request_wrapper
    raise exception
telegram.error.Conflict: Conflict: terminated by other getUpdates request; make sure that only one bot instance is running
2026-07-24 06:51:38,458 - telegram.ext.Application - INFO - Application is stopping. This might take a moment.
2026-07-24 06:51:38,459 - telegram.ext.Application - INFO - Application.stop() complete
C:\Parser\parser-abit\bot.py:660: PTBUserWarning: If 'per_message=False', 'CallbackQueryHandler' will not be tracked for every message. Read this FAQ entry to learn more about the per_* settings: https://github.com/python-telegram-bot/python-telegram-bot/wiki/Frequently-Asked-Questions#what-do-the-per_-settings-in-conversationhandler-do.
  conv_handler = ConversationHandler(
2026-07-24 06:51:40,069 - __main__ - INFO - \u0411\u043e\u0442 \u0437\u0430\u043f\u0443\u0441\u043a\u0430\u0454\u0442\u044c\u0441\u044f (long-polling)...
2026-07-24 06:51:40,359 - apscheduler.scheduler - INFO - Scheduler started
2026-07-24 06:51:40,359 - telegram.ext.Application - INFO - Application started
2026-07-24 06:54:36,870 - apscheduler.scheduler - INFO - Added job "track-8138413631-0" to job store "default"
2026-07-24 06:54:36,870 - apscheduler.scheduler - INFO - Added job "track-8138413631-1" to job store "default"
C:\Parser\parser-abit\bot.py:665: PTBUserWarning: If 'per_message=False', 'CallbackQueryHandler' will not be tracked for every message. Read this FAQ entry to learn more about the per_* settings: https://github.com/python-telegram-bot/python-telegram-bot/wiki/Frequently-Asked-Questions#what-do-the-per_-settings-in-conversationhandler-do.
  conv_handler = ConversationHandler(
2026-07-24 07:01:56,529 - __main__ - INFO - \u0411\u043e\u0442 \u0437\u0430\u043f\u0443\u0441\u043a\u0430\u0454\u0442\u044c\u0441\u044f (long-polling)...
2026-07-24 07:01:56,761 - apscheduler.scheduler - INFO - Adding job tentatively -- it will be properly scheduled when the scheduler starts
2026-07-24 07:01:56,761 - apscheduler.scheduler - INFO - Adding job tentatively -- it will be properly scheduled when the scheduler starts
2026-07-24 07:01:56,761 - __main__ - INFO - \u0412\u0456\u0434\u043d\u043e\u0432\u043b\u0435\u043d\u043e 1 \u043f\u0456\u0434\u043f\u0438\u0441\u043e\u043a \u043d\u0430 \u0441\u0442\u0435\u0436\u0435\u043d\u043d\u044f
2026-07-24 07:01:56,804 - apscheduler.scheduler - INFO - Added job "track-8138413631-0" to job store "default"
2026-07-24 07:01:56,804 - apscheduler.scheduler - INFO - Added job "track-8138413631-1" to job store "default"
2026-07-24 07:01:56,804 - apscheduler.scheduler - INFO - Scheduler started
2026-07-24 07:01:56,804 - telegram.ext.Application - INFO - Application started
